{"asn_DEF_NativeInteger": {"ber_decoder": 100, "der_encoder": 98, "elements": 61, "elements_count": 36, "free_struct": 48, "per_constraints": 96, "print_struct": 121, "specifics": 41, "uper_decoder": 83, "uper_encoder": 47, "xer_decoder": 84, "xer_encoder": 110}, "td": {"ber_decoder": 100, "der_encoder": 98, "elements": 61, "elements_count": 36, "free_struct": 48, "per_constraints": 12, "print_struct": 121, "specifics": 41, "uper_decoder": 83, "uper_encoder": 47, "xer_decoder": 84, "xer_encoder": 110}}