{"QE_SNUM_STATE_FREE": 61, "qe_num_of_snum": 5, "snums": [{"num": 105, "state": 10}, {"num": 48, "state": 43}, {"num": 82, "state": 78}, {"num": 57, "state": 71}, {"num": 25, "state": 119}, {"num": 71, "state": 34}, {"num": 27, "state": 64}, {"num": 82, "state": 70}, {"num": 120, "state": 35}, {"num": 84, "state": 25}, {"num": 82, "state": 107}, {"num": 121, "state": 92}, {"num": 2, "state": 46}, {"num": 121, "state": 96}, {"num": 34, "state": 76}, {"num": 33, "state": 5}, {"num": 123, "state": 51}, {"num": 20, "state": 122}, {"num": 83, "state": 90}, {"num": 47, "state": 119}, {"num": 64, "state": 25}, {"num": 66, "state": 38}, {"num": 73, "state": 79}, {"num": 121, "state": 87}, {"num": 6, "state": 30}, {"num": 95, "state": 99}, {"num": 121, "state": 72}, {"num": 78, "state": 101}, {"num": 44, "state": 44}, {"num": 4, "state": 123}, {"num": 11, "state": 81}, {"num": 84, "state": 17}]}