{"a": [{"dummy": 84}, {"dummy": 48}, {"dummy": 52}, {"dummy": 111}, {"dummy": 43}, {"dummy": 102}, {"dummy": 42}, {"dummy": 74}, {"dummy": 5}, {"dummy": 43}, {"dummy": 96}, {"dummy": 32}, {"dummy": 78}, {"dummy": 18}, {"dummy": 36}, {"dummy": 10}, {"dummy": 112}, {"dummy": 105}, {"dummy": 46}, {"dummy": 48}, {"dummy": 60}, {"dummy": 50}, {"dummy": 36}, {"dummy": 54}, {"dummy": 122}, {"dummy": 98}, {"dummy": 68}, {"dummy": 97}, {"dummy": 22}, {"dummy": 79}, {"dummy": 82}, {"dummy": 43}], "b": [{"dummy": 50}, {"dummy": 115}, {"dummy": 10}, {"dummy": 117}, {"dummy": 92}, {"dummy": 90}, {"dummy": 81}, {"dummy": 123}, {"dummy": 58}, {"dummy": 4}, {"dummy": 61}, {"dummy": 111}, {"dummy": 110}, {"dummy": 99}, {"dummy": 58}, {"dummy": 15}, {"dummy": 90}, {"dummy": 107}, {"dummy": 119}, {"dummy": 85}, {"dummy": 103}, {"dummy": 95}, {"dummy": 5}, {"dummy": 41}, {"dummy": 12}, {"dummy": 5}, {"dummy": 75}, {"dummy": 64}, {"dummy": 53}, {"dummy": 108}, {"dummy": 111}, {"dummy": 62}]}