{"g_config": {"video": {"bright_1": {"var": 125}, "bright_2": {"var": 43}, "cache_time_1": {"var": 105}, "cache_time_2": {"var": 81}, "contrast_1": {"var": 68}, "contrast_2": {"var": 96}, "frame_interval_1": {"var": 89}, "frame_interval_2": {"var": 111}, "rtv_num": {"var": 1}, "solution_x_1": {"var": 13}, "solution_x_2": {"var": 5}, "solution_y_1": {"var": 103}, "solution_y_2": {"var": 105}, "speed_1": {"var": 12}, "speed_2": {"var": 43}}}, "returnv": 0, "var_video": {"bright_1": 125, "bright_2": 43, "cache_time_1": 105, "cache_time_2": 81, "contrast_1": 68, "contrast_2": 96, "frame_interval_1": 89, "frame_interval_2": 111, "rtv_num": 1, "solution_x_1": 13, "solution_x_2": 5, "solution_y_1": 103, "solution_y_2": 105, "speed_1": 12, "speed_2": 43}}