{"check_distance": 68, "check_distance_client": 24, "distance": 28, "distance_client": 47, "path": {"blownpos": 61, "check_distance": 68, "check_distance_client": 24, "distance": 28, "distance_client": 47, "search": 113, "search_long": 75}, "path_blownpos": 61, "path_s": {"blownpos": 61, "check_distance": 68, "check_distance_client": 24, "distance": 28, "distance_client": 47, "search": 113, "search_long": 75}, "path_search": 113, "path_search_long": 75}