{"conn": [{"dummy": 4}, {"dummy": 86}, {"dummy": 107}, {"dummy": 87}, {"dummy": 53}, {"dummy": 122}, {"dummy": 65}, {"dummy": 13}, {"dummy": 107}, {"dummy": 69}, {"dummy": 95}, {"dummy": 100}, {"dummy": 5}, {"dummy": 31}, {"dummy": 35}, {"dummy": 83}, {"dummy": 20}, {"dummy": 106}, {"dummy": 100}, {"dummy": 89}, {"dummy": 108}, {"dummy": 20}, {"dummy": 72}, {"dummy": 35}, {"dummy": 34}, {"dummy": 15}, {"dummy": 60}, {"dummy": 11}, {"dummy": 18}, {"dummy": 11}, {"dummy": 31}, {"dummy": 39}], "pending_queries": 10}