{"IN_SC_Alt": 20, "IN_SC_Control": 71, "IN_SC_DownArrow": 30, "IN_SC_End": 50, "IN_SC_Enter": 112, "IN_SC_F5": 3, "IN_SC_F9": 74, "IN_SC_Home": 57, "IN_SC_LeftArrow": 107, "IN_SC_PgDown": 104, "IN_SC_PgUp": 71, "IN_SC_RightArrow": 38, "IN_SC_Space": 54, "IN_SC_UpArrow": 99, "in_kbdControls": {"down": 30, "downLeft": 50, "downRight": 104, "fire": 54, "jump": 71, "left": 107, "pogo": 20, "quickLoad": 74, "quickSave": 3, "right": 38, "status": 112, "up": 99, "upLeft": 57, "upRight": 71}}