{"GLBtCoexist": {"bManualControl": 118}, "padapter": [{"dummy": 56}, {"dummy": 13}, {"dummy": 36}, {"dummy": 72}, {"dummy": 107}, {"dummy": 70}, {"dummy": 105}, {"dummy": 44}, {"dummy": 0}, {"dummy": 38}, {"dummy": 62}, {"dummy": 14}, {"dummy": 72}, {"dummy": 109}, {"dummy": 24}, {"dummy": 31}, {"dummy": 80}, {"dummy": 60}, {"dummy": 42}, {"dummy": 102}, {"dummy": 107}, {"dummy": 100}, {"dummy": 5}, {"dummy": 91}, {"dummy": 77}, {"dummy": 75}, {"dummy": 63}, {"dummy": 39}, {"dummy": 4}, {"dummy": 12}, {"dummy": 96}, {"dummy": 0}]}