{"diagram": [{"count": 118, "letter": 124}, {"count": 115, "letter": 37}, {"count": 114, "letter": 62}, {"count": 114, "letter": 109}, {"count": 113, "letter": 3}, {"count": 113, "letter": 77}, {"count": 110, "letter": 72}, {"count": 106, "letter": 7}, {"count": 100, "letter": 87}, {"count": 99, "letter": 27}, {"count": 86, "letter": 74}, {"count": 83, "letter": 16}, {"count": 81, "letter": 81}, {"count": 74, "letter": 115}, {"count": 66, "letter": 52}, {"count": 66, "letter": 90}, {"count": 66, "letter": 106}, {"count": 62, "letter": 92}, {"count": 51, "letter": 97}, {"count": 41, "letter": 93}, {"count": 34, "letter": 31}, {"count": 29, "letter": 86}, {"count": 24, "letter": 49}, {"count": 9, "letter": 58}, {"count": 8, "letter": 1}, {"count": 5, "letter": 124}, {"count": 1, "letter": 71}, {"count": 29, "letter": 23}, {"count": 97, "letter": 51}, {"count": 17, "letter": 121}, {"count": 46, "letter": 86}, {"count": 118, "letter": 112}], "temp": {"count": 113, "letter": 3}}