{"basicvars": {"stacktop": {"bytesp": 115, "intsp": [{"intvalue": 101}, {"intvalue": 31}, {"intvalue": 120}, {"intvalue": 118}, {"intvalue": 88}, {"intvalue": 59}, {"intvalue": 40}, {"intvalue": 46}, {"intvalue": 24}, {"intvalue": 65}, {"intvalue": 40}, {"intvalue": 42}, {"intvalue": 1}, {"intvalue": 113}, {"intvalue": 116}, {"intvalue": 64}, {"intvalue": 109}, {"intvalue": 17}, {"intvalue": 120}, {"intvalue": 28}, {"intvalue": 62}, {"intvalue": 68}, {"intvalue": 78}, {"intvalue": 120}, {"intvalue": 96}, {"intvalue": 92}, {"intvalue": 89}, {"intvalue": 70}, {"intvalue": 61}, {"intvalue": 41}, {"intvalue": 18}, {"intvalue": 41}]}}, "returnv": 101}