{"num_parts": 85, "p_info": [{"id": 4, "num": 11}, {"id": 79, "num": 91}, {"id": 85, "num": 15}, {"id": 1, "num": 65}, {"id": 57, "num": 98}, {"id": 0, "num": 9}, {"id": 83, "num": 104}, {"id": 26, "num": 4}, {"id": 33, "num": 117}, {"id": 87, "num": 82}, {"id": 81, "num": 46}, {"id": 73, "num": 22}, {"id": 59, "num": 8}, {"id": 59, "num": 43}, {"id": 38, "num": 7}, {"id": 23, "num": 118}, {"id": 88, "num": 80}, {"id": 34, "num": 33}, {"id": 119, "num": 64}, {"id": 7, "num": 54}, {"id": 105, "num": 118}, {"id": 73, "num": 35}, {"id": 3, "num": 8}, {"id": 47, "num": 45}, {"id": 67, "num": 65}, {"id": 44, "num": 62}, {"id": 79, "num": 20}, {"id": 106, "num": 43}, {"id": 8, "num": 19}, {"id": 16, "num": 7}, {"id": 29, "num": 22}, {"id": 50, "num": 121}]}