{"LIGHTTPD_VERSION_ID": 24, "gw_free": 3, "gw_handle_request_reset": 28, "gw_handle_subrequest": 117, "gw_handle_trigger": 11, "gw_handle_waitpid_cb": 44, "gw_init": 62, "mod_scgi_set_defaults": 94, "p": {"cleanup": 3, "handle_request_reset": 28, "handle_subrequest": 117, "handle_subrequest_start": 5, "handle_trigger": 11, "handle_uri_clean": 74, "handle_waitpid": 44, "init": 62, "name": "scgi", "set_defaults": 94, "version": 24}, "returnv": 0, "scgi_check_extension_1": 74, "scgi_check_extension_2": 5}