{"dst": {"item_sign": 61, "item_verify": 86, "old_priv_decode": 25, "old_priv_encode": 117, "param_cmp": 90, "param_copy": 76, "param_decode": 28, "param_encode": 16, "param_missing": 113, "param_print": 22, "pkey_bits": 51, "pkey_check": 112, "pkey_ctrl": 61, "pkey_free": 34, "pkey_size": 29, "priv_decode": 65, "priv_encode": 108, "priv_print": 43, "pub_cmp": 88, "pub_decode": 64, "pub_encode": 112, "pub_print": 19, "siginf_set": 49}, "src": {"item_sign": 61, "item_verify": 86, "old_priv_decode": 25, "old_priv_encode": 117, "param_cmp": 90, "param_copy": 76, "param_decode": 28, "param_encode": 16, "param_missing": 113, "param_print": 22, "pkey_bits": 51, "pkey_check": 112, "pkey_ctrl": 61, "pkey_free": 34, "pkey_size": 29, "priv_decode": 65, "priv_encode": 108, "priv_print": 43, "pub_cmp": 88, "pub_decode": 64, "pub_encode": 112, "pub_print": 19, "siginf_set": 49}}