{"asn_DEF_OTD_MeasurementWithID": {"ber_decoder": 4, "der_encoder": 90, "elements": 0, "elements_count": 18, "free_struct": 28, "per_constraints": 13, "print_struct": 92, "specifics": 98, "uper_decoder": 118, "uper_encoder": 2, "xer_decoder": 22, "xer_encoder": 26}, "td": {"ber_decoder": 4, "der_encoder": 90, "elements": 0, "elements_count": 18, "free_struct": 28, "per_constraints": 35, "print_struct": 92, "specifics": 98, "uper_decoder": 118, "uper_encoder": 2, "xer_decoder": 22, "xer_encoder": 26}}