{"POLLOUT": 104, "conn": {"fd": 117}, "pending_list": [{"events": 46, "fd": 24}, {"events": 97, "fd": 40}, {"events": 3, "fd": 50}, {"events": 34, "fd": 35}, {"events": 38, "fd": 78}, {"events": 109, "fd": 107}, {"events": 45, "fd": 72}, {"events": 98, "fd": 23}, {"events": 15, "fd": 101}, {"events": 31, "fd": 123}, {"events": 96, "fd": 98}, {"events": 46, "fd": 84}, {"events": 75, "fd": 108}, {"events": 44, "fd": 3}, {"events": 7, "fd": 115}, {"events": 22, "fd": 88}, {"events": 76, "fd": 29}, {"events": 113, "fd": 47}, {"events": 29, "fd": 79}, {"events": 41, "fd": 114}, {"events": 44, "fd": 122}, {"events": 102, "fd": 125}, {"events": 32, "fd": 84}, {"events": 113, "fd": 27}, {"events": 48, "fd": 65}, {"events": 69, "fd": 11}, {"events": 41, "fd": 39}, {"events": 73, "fd": 126}, {"events": 3, "fd": 27}, {"events": 38, "fd": 12}, {"events": 36, "fd": 36}, {"events": 111, "fd": 90}], "pending_queries": 358}