{"FIO_FILE_open": 40, "f": [{"flags": 121}, {"flags": 74}, {"flags": 3}, {"flags": 54}, {"flags": 7}, {"flags": 109}, {"flags": 112}, {"flags": 85}, {"flags": 37}, {"flags": 58}, {"flags": 37}, {"flags": 115}, {"flags": 88}, {"flags": 50}, {"flags": 31}, {"flags": 126}, {"flags": 98}, {"flags": 33}, {"flags": 57}, {"flags": 31}, {"flags": 69}, {"flags": 48}, {"flags": 95}, {"flags": 34}, {"flags": 86}, {"flags": 22}, {"flags": 88}, {"flags": 45}, {"flags": 22}, {"flags": 17}, {"flags": 88}, {"flags": 75}]}