{"ILLEGAL_BASE": 97, "OFFSET_UNITS": 37, "buf_margins": {"start_margins": 120}, "buffer_offsets": {"data_offset": 120, "hash_result_offset": 79, "prs_result_offset": 67, "time_stamp_offset": 71}, "buffer_prefix_content": {"data_align": 6, "pass_hash_result": 110, "pass_prs_result": 39, "pass_time_stamp": 114, "priv_data_size": 62}, "int_context_data_copy": {"ext_buf_offset": 67, "int_context_offset": 32, "size": 48}, "internal_buf_offset": [12, 109, 109, 104, 43, 67, 48, 48, 112, 51, 96, 54, 24, 10, 90, 25, 45, 106, 120, 13, 75, 84, 45, 2, 39, 42, 4, 80, 78, 59, 25, 30], "returnv": 0}