{"base": {"authority": {"len": 32}, "fragment": 34, "path": {"buf": "saclftdkagfbncvjkwz", "len": 84}, "path_base": {"buf": "htbibbeytdwdzryhhywahdbctrpimb", "len": 69}, "query": {"len": 44}, "scheme": {"len": 11}}, "r": {"authority": {"len": 57}, "fragment": 126, "path": {"buf": "ogrrwdqqmbqox", "len": 27}, "path_base": {"buf": "xnikosnjikuobikclpmton", "len": 20}, "query": {"len": 95}, "scheme": {"len": 120}}, "t": {"authority": {"len": 57}, "fragment": 126, "path": {"buf": "ogrrwdqqmbqox", "len": 27}, "path_base": {"buf": "xnikosnjikuobikclpmton", "len": 20}, "query": {"len": 95}, "scheme": {"len": 120}}}