{"NA_IP": 30, "a": {"ip": 26, "port": 75, "type": 30}, "s": [{"dummy": 75}, {"dummy": 26}, {"dummy": 47}, {"dummy": 3}, {"dummy": 27}, {"dummy": 50}, {"dummy": 125}, {"dummy": 7}, {"dummy": 17}, {"dummy": 4}, {"dummy": 65}, {"dummy": 101}, {"dummy": 62}, {"dummy": 119}, {"dummy": 86}, {"dummy": 120}, {"dummy": 121}, {"dummy": 26}, {"dummy": 15}, {"dummy": 125}, {"dummy": 51}, {"dummy": 71}, {"dummy": 35}, {"dummy": 31}, {"dummy": 33}, {"dummy": 72}, {"dummy": 108}, {"dummy": 63}, {"dummy": 0}, {"dummy": 33}, {"dummy": 40}, {"dummy": 3}]}