{"decoder": [{"dummy": 53}, {"dummy": 54}, {"dummy": 121}, {"dummy": 25}, {"dummy": 71}, {"dummy": 35}, {"dummy": 62}, {"dummy": 54}, {"dummy": 104}, {"dummy": 13}, {"dummy": 7}, {"dummy": 30}, {"dummy": 112}, {"dummy": 15}, {"dummy": 89}, {"dummy": 48}, {"dummy": 84}, {"dummy": 119}, {"dummy": 51}, {"dummy": 67}, {"dummy": 91}, {"dummy": 62}, {"dummy": 2}, {"dummy": 46}, {"dummy": 87}, {"dummy": 94}, {"dummy": 52}, {"dummy": 73}, {"dummy": 125}, {"dummy": 88}, {"dummy": 106}, {"dummy": 71}], "packet": {"size": 100, "type": 32}, "ppt_psbend": 32, "pte_internal": 14, "ptps_psbend": 100, "returnv": 100}