{"pifLen": 534, "program": [{"key": 27, "value": 53}, {"key": 123, "value": 65}, {"key": 120, "value": 105}, {"key": 118, "value": 42}, {"key": 109, "value": 94}, {"key": 40, "value": 108}, {"key": 10, "value": 18}, {"key": 33, "value": 17}, {"key": 36, "value": 8}, {"key": 19, "value": 117}, {"key": 91, "value": 86}, {"key": 73, "value": 66}, {"key": 11, "value": 13}, {"key": 115, "value": 87}, {"key": 102, "value": 1}, {"key": 25, "value": 48}, {"key": 18, "value": 59}, {"key": 27, "value": 25}, {"key": 71, "value": 60}, {"key": 68, "value": 60}, {"key": 71, "value": 93}, {"key": 34, "value": 49}, {"key": 62, "value": 88}, {"key": 9, "value": 94}, {"key": 72, "value": 125}, {"key": 65, "value": 97}, {"key": 40, "value": 57}, {"key": 114, "value": 42}, {"key": 74, "value": 3}, {"key": 23, "value": 103}, {"key": 78, "value": 27}, {"key": 103, "value": 124}]}