{"lp": [{"eol": 104, "n": 26}, {"eol": 19, "n": 24}, {"eol": 3, "n": 4}, {"eol": 27, "n": 30}, {"eol": 111, "n": 11}, {"eol": 107, "n": 38}, {"eol": 19, "n": 76}, {"eol": 73, "n": 43}, {"eol": 0, "n": 107}, {"eol": 84, "n": 97}, {"eol": 20, "n": 119}, {"eol": 8, "n": 47}, {"eol": 56, "n": 19}, {"eol": 27, "n": 30}, {"eol": 13, "n": 69}, {"eol": 13, "n": 115}, {"eol": 23, "n": 28}, {"eol": 110, "n": 25}, {"eol": 5, "n": 42}, {"eol": 125, "n": 103}, {"eol": 67, "n": 119}, {"eol": 49, "n": 7}, {"eol": 121, "n": 94}, {"eol": 52, "n": 17}, {"eol": 118, "n": 74}, {"eol": 103, "n": 56}, {"eol": 88, "n": 86}, {"eol": 88, "n": 15}, {"eol": 45, "n": 15}, {"eol": 63, "n": 121}, {"eol": 74, "n": 44}, {"eol": 13, "n": 110}]}