{"at": [{"endpoint": 0}, {"endpoint": 0}, {"endpoint": 0}, {"endpoint": 0}, {"endpoint": 0}, {"endpoint": 0}, {"endpoint": 0}, {"endpoint": 0}, {"endpoint": 0}, {"endpoint": 0}, {"endpoint": 0}, {"endpoint": 0}, {"endpoint": 0}, {"endpoint": 0}, {"endpoint": 0}, {"endpoint": 0}, {"endpoint": 0}, {"endpoint": 0}, {"endpoint": 0}, {"endpoint": 0}, {"endpoint": 0}, {"endpoint": 0}, {"endpoint": 0}, {"endpoint": 0}, {"endpoint": 0}, {"endpoint": 0}, {"endpoint": 0}, {"endpoint": 0}, {"endpoint": 0}, {"endpoint": 0}, {"endpoint": 70}, {"endpoint": 31}]}