{"self": {"summary": {"dummy": 24}}, "summary": [{"dummy": 24}, {"dummy": 97}, {"dummy": 59}, {"dummy": 42}, {"dummy": 67}, {"dummy": 24}, {"dummy": 1}, {"dummy": 16}, {"dummy": 58}, {"dummy": 46}, {"dummy": 87}, {"dummy": 109}, {"dummy": 93}, {"dummy": 30}, {"dummy": 82}, {"dummy": 3}, {"dummy": 20}, {"dummy": 66}, {"dummy": 89}, {"dummy": 99}, {"dummy": 25}, {"dummy": 18}, {"dummy": 30}, {"dummy": 83}, {"dummy": 92}, {"dummy": 78}, {"dummy": 25}, {"dummy": 67}, {"dummy": 94}, {"dummy": 108}, {"dummy": 95}, {"dummy": 44}]}