{"cea708": {"atsc1_data_user_data_type_code": 3, "country": 40, "directv_user_data_length": 0, "provider": 95, "user_data": {"additional_data_flag": 0, "cc_count": 0, "process_cc_data_flag": 1, "process_em_data_flag": 0}, "user_identifier": 52}, "country_united_states": 40, "returnv": 1, "t35_provider_atsc": 95}