{"DMA_DIR_PeripheralToMemory": 109, "DMA_FIFOMode_Disable": 78, "DMA_FIFOThreshold_1QuarterFull": 0, "DMA_InitStruct": {"DMA_BufferSize": 0, "DMA_Channel": 0, "DMA_DIR": 109, "DMA_FIFOMode": 78, "DMA_FIFOThreshold": 0, "DMA_Memory0BaseAddr": 0, "DMA_MemoryBurst": 11, "DMA_MemoryDataSize": 54, "DMA_MemoryInc": 102, "DMA_Mode": 30, "DMA_PeripheralBaseAddr": 0, "DMA_PeripheralBurst": 73, "DMA_PeripheralDataSize": 22, "DMA_PeripheralInc": 113, "DMA_Priority": 27}, "DMA_MemoryBurst_Single": 11, "DMA_MemoryDataSize_Byte": 54, "DMA_MemoryInc_Disable": 102, "DMA_Mode_Normal": 30, "DMA_PeripheralBurst_Single": 73, "DMA_PeripheralDataSize_Byte": 22, "DMA_PeripheralInc_Disable": 113, "DMA_Priority_Low": 27}