{"returnv": 1, "s": "leljxxe", "t": [{"len": 7, "pos": 0}, {"len": 114, "pos": 48}, {"len": 2, "pos": 120}, {"len": 62, "pos": 97}, {"len": 68, "pos": 60}, {"len": 75, "pos": 47}, {"len": 26, "pos": 77}, {"len": 20, "pos": 52}, {"len": 35, "pos": 70}, {"len": 119, "pos": 112}, {"len": 111, "pos": 80}, {"len": 91, "pos": 55}, {"len": 54, "pos": 38}, {"len": 47, "pos": 59}, {"len": 59, "pos": 68}, {"len": 54, "pos": 85}, {"len": 88, "pos": 34}, {"len": 21, "pos": 115}, {"len": 63, "pos": 24}, {"len": 3, "pos": 105}, {"len": 120, "pos": 61}, {"len": 35, "pos": 114}, {"len": 51, "pos": 114}, {"len": 40, "pos": 3}, {"len": 18, "pos": 91}, {"len": 64, "pos": 22}, {"len": 119, "pos": 108}, {"len": 35, "pos": 115}, {"len": 114, "pos": 121}, {"len": 41, "pos": 4}, {"len": 57, "pos": 52}, {"len": 101, "pos": 109}]}