{"add": {"lcl_dram": 23, "lcl_hitm": 88, "ld_excl": 16, "ld_fbhit": 103, "ld_io": 104, "ld_l1hit": 97, "ld_l2hit": 95, "ld_llchit": 41, "ld_miss": 62, "ld_noadrs": 80, "ld_shared": 44, "ld_uncache": 122, "load": 37, "locks": 115, "nomap": 109, "noparse": 7, "nr_entries": 85, "rmt_dram": 33, "rmt_hit": 25, "rmt_hitm": 116, "st_l1hit": 65, "st_l1miss": 67, "st_noadrs": 102, "st_uncache": 30, "store": 97, "tot_hitm": 110}, "stats": {"lcl_dram": 76, "lcl_hitm": 151, "ld_excl": 88, "ld_fbhit": 115, "ld_io": 164, "ld_l1hit": 172, "ld_l2hit": 162, "ld_llchit": 99, "ld_miss": 184, "ld_noadrs": 142, "ld_shared": 73, "ld_uncache": 223, "load": 73, "locks": 232, "nomap": 176, "noparse": 85, "nr_entries": 194, "rmt_dram": 131, "rmt_hit": 33, "rmt_hitm": 140, "st_l1hit": 69, "st_l1miss": 192, "st_noadrs": 216, "st_uncache": 32, "store": 214, "tot_hitm": 158}}