{"DpUserIdTable": [{"Used": 16}, {"Used": 109}, {"Used": 88}, {"Used": 66}, {"Used": 78}, {"Used": 94}, {"Used": 92}, {"Used": 39}, {"Used": 57}, {"Used": 24}, {"Used": 71}, {"Used": 57}, {"Used": 44}, {"Used": 8}, {"Used": 37}, {"Used": 68}, {"Used": 96}, {"Used": 69}, {"Used": 20}, {"Used": 38}, {"Used": 33}, {"Used": 86}, {"Used": 42}, {"Used": 108}, {"Used": 16}, {"Used": 112}, {"Used": 109}, {"Used": 16}, {"Used": 103}, {"Used": 78}, {"Used": 62}, {"Used": 44}], "c_ref": [62, 78, 68, 107, 19, 94, 8, 106, 50, 98, 46, 20, 84, 84, 17, 113, 113, 94, 49, 67, 104, 14, 83, 77, 6, 66, 88, 39, 75, 91, 92, 25], "error": {"error_class": 4, "error_code": 131074, "error_code_1": 0, "error_code_2": 0, "error_decode": 0}, "returnv": 4}