{"beginningOfBuffer": "ae", "currentLexem": "xhhetikor", "endOfBuffer": "sgimpqtpsxrhycjvxswxzow", "lexInput": {"beginningOfBuffer": "ae", "currentLexem": "xhhetikor", "endOfBuffer": "sgimpqtpsxrhycjvxswxzow", "inputType": 55, "macroName": "bjbsxgmdksqhfkyrimjjcxtoefx"}, "macroName": "bjbsxgmdksqhfkyrimjjcxtoefx"}