{"tr": {"ckp": {"tr_doCutoff": 124, "tr_itCount": 4, "tr_lhAVG": 64, "tr_lhCutoff": 48, "tr_lhDEC": 69, "tr_likelihood": 3, "tr_optimizeRateCategoryInvocations": 109, "tr_thoroughInsertion": 70}, "doCutoff": 124, "itCount": 4, "lhAVG": 64, "lhCutoff": 48, "lhDEC": 69, "likelihood": 3, "optimizeRateCategoryInvocations": 109, "thoroughInsertion": 70}}