{"asn_DEF_NativeInteger": {"ber_decoder": 45, "der_encoder": 20, "elements": 40, "elements_count": 117, "free_struct": 94, "per_constraints": 100, "print_struct": 125, "specifics": 67, "uper_decoder": 47, "uper_encoder": 49, "xer_decoder": 81, "xer_encoder": 18}, "td": {"ber_decoder": 45, "der_encoder": 20, "elements": 40, "elements_count": 117, "free_struct": 94, "per_constraints": 82, "print_struct": 125, "specifics": 67, "uper_decoder": 47, "uper_encoder": 49, "xer_decoder": 81, "xer_encoder": 18}}