{"Timer": [{"start": 58}, {"start": 71}, {"start": 121}, {"start": 24}, {"start": 23}, {"start": 71}, {"start": 114}, {"start": 115}, {"start": 52}, {"start": 112}, {"start": 121}, {"start": 112}, {"start": 35}, {"start": 89}, {"start": 54}, {"start": 39}, {"start": 126}, {"start": 116}, {"start": 83}, {"start": 30}, {"start": 34}, {"start": 80}, {"start": 94}, {"start": 96}, {"start": 42}, {"start": 5}, {"start": 119}, {"start": 3}, {"start": 74}, {"start": 119}, {"start": 60}, {"start": 61}]}