{"hp": [{"len": 67, "s": 68}, {"len": 106, "s": 109}, {"len": 30, "s": 69}, {"len": 58, "s": 93}, {"len": 118, "s": 97}, {"len": 30, "s": 51}, {"len": 107, "s": 43}, {"len": 44, "s": 107}, {"len": 11, "s": 24}, {"len": 34, "s": 63}, {"len": 104, "s": 86}, {"len": 88, "s": 38}, {"len": 15, "s": 69}, {"len": 21, "s": 36}, {"len": 76, "s": 59}, {"len": 104, "s": 93}, {"len": 32, "s": 9}, {"len": 67, "s": 48}, {"len": 89, "s": 41}, {"len": 25, "s": 41}, {"len": 17, "s": 21}, {"len": 61, "s": 54}, {"len": 38, "s": 76}, {"len": 11, "s": 109}, {"len": 44, "s": 48}, {"len": 48, "s": 76}, {"len": 39, "s": 102}, {"len": 20, "s": 90}, {"len": 15, "s": 126}, {"len": 121, "s": 102}, {"len": 107, "s": 32}, {"len": 76, "s": 16}], "msg": {"buf": 97, "len": 117}, "res": {"len": 117, "s": 97}, "returnv": 0}